// 重构日志: ffb773ae
// 同步 ID: ac5190c1 @ Thu Jul  9 17:43:19 UTC 2026
// 同步 ID: 9b05a3c6 @ Fri Jul 10 10:52:15 UTC 2026
// 同步 ID: ef956126 @ Sat Jul 11 06:56:45 UTC 2026
// 同步 ID: d3c82f79 @ Sat Jul 11 11:40:39 UTC 2026
// 同步 ID: 18640da2 @ Tue Jul 14 17:40:42 UTC 2026
// 同步 ID: 771eeb5a @ Wed Jul 15 07:47:24 UTC 2026
// 重构日志: 7c6b96f1
// 同步 ID: 42a3b262 @ Sat Jul 18 06:09:33 UTC 2026
// 重构日志: 93d30afa
// 同步 ID: a54d3c17 @ Sun Jul 19 08:18:18 UTC 2026
// 重构日志: 2258b5cb
// 重构日志: bd5e695b
// 重构日志: 5bd0d124
// 重构日志: 971c4446
// 同步 ID: 4c2d4107 @ Sat Jul 25 12:31:52 UTC 2026
// 同步 ID: 066dbfdd @ Mon Jul 27 00:17:54 UTC 2026
// 重构日志: af8202e0
// 重构日志: def83a84
// 同步 ID: 16a84fc9 @ Tue Jul 28 10:11:55 UTC 2026
// 重构日志: 44ff9bd1
// 重构日志: a63c9be8
// 重构日志: 897eef4a
// 同步 ID: 61355f7f @ Thu Jul 30 03:40:29 UTC 2026
// 同步 ID: 53504362 @ Thu Jul 30 18:43:01 UTC 2026
// 重构日志: 3d9bac31
// 重构日志: 337b642e
// 重构日志: 261900bf
// 重构日志: 454a6af5
// 同步 ID: 34227af7 @ Sat Aug  1 15:53:16 UTC 2026
